h:\sourcecode\fmod-aac-codec\codec_mp4\codec_mp4\x64\debug\vc145.pdb
h:\sourcecode\fmod-aac-codec\codec_mp4\codec_mp4\x64\debug\vc145.idb
h:\sourcecode\fmod-aac-codec\codec_mp4\codec_mp4\x64\debug\matrix_dec.obj
h:\sourcecode\fmod-aac-codec\codec_mp4\codec_mp4\x64\debug\endianportable.obj
h:\sourcecode\fmod-aac-codec\codec_mp4\codec_mp4\x64\debug\dp_dec.obj
h:\sourcecode\fmod-aac-codec\codec_mp4\codec_mp4\x64\debug\alacbitutilities.obj
h:\sourcecode\fmod-aac-codec\codec_mp4\codec_mp4\x64\debug\ag_dec.obj
h:\sourcecode\fmod-aac-codec\codec_mp4\codec_mp4\x64\debug\alacdecoder.obj
h:\sourcecode\fmod-aac-codec\codec_mp4\codec_mp4\x64\debug\main.obj
h:\sourcecode\fmod-aac-codec\codec_mp4\x64\debug\codec_mp4.dll
h:\sourcecode\fmod-aac-codec\codec_mp4\x64\debug\codec_mp4.pdb
h:\sourcecode\fmod-aac-codec\codec_mp4\x64\debug\codec_mp4.lib
h:\sourcecode\fmod-aac-codec\codec_mp4\x64\debug\codec_mp4.exp
h:\sourcecode\fmod-aac-codec\codec_mp4\codec_mp4\x64\debug\codec_mp4.ilk
h:\sourcecode\fmod-aac-codec\codec_mp4\codec_mp4\x64\debug\codec_mp4.tlog\cl.command.1.tlog
h:\sourcecode\fmod-aac-codec\codec_mp4\codec_mp4\x64\debug\codec_mp4.tlog\cl.items.tlog
h:\sourcecode\fmod-aac-codec\codec_mp4\codec_mp4\x64\debug\codec_mp4.tlog\cl.read.1.tlog
h:\sourcecode\fmod-aac-codec\codec_mp4\codec_mp4\x64\debug\codec_mp4.tlog\cl.write.1.tlog
h:\sourcecode\fmod-aac-codec\codec_mp4\codec_mp4\x64\debug\codec_mp4.tlog\link.command.1.tlog
h:\sourcecode\fmod-aac-codec\codec_mp4\codec_mp4\x64\debug\codec_mp4.tlog\link.read.1.tlog
h:\sourcecode\fmod-aac-codec\codec_mp4\codec_mp4\x64\debug\codec_mp4.tlog\link.secondary.1.tlog
h:\sourcecode\fmod-aac-codec\codec_mp4\codec_mp4\x64\debug\codec_mp4.tlog\link.write.1.tlog
