h:\sourcecode\fmod-aac-codec\codec_mp4\codec_mp4\x64\release\vc145.pdb
h:\sourcecode\fmod-aac-codec\codec_mp4\codec_mp4\x64\release\matrix_dec.obj
h:\sourcecode\fmod-aac-codec\codec_mp4\codec_mp4\x64\release\endianportable.obj
h:\sourcecode\fmod-aac-codec\codec_mp4\codec_mp4\x64\release\dp_dec.obj
h:\sourcecode\fmod-aac-codec\codec_mp4\codec_mp4\x64\release\alacbitutilities.obj
h:\sourcecode\fmod-aac-codec\codec_mp4\codec_mp4\x64\release\ag_dec.obj
h:\sourcecode\fmod-aac-codec\codec_mp4\codec_mp4\x64\release\alacdecoder.obj
h:\sourcecode\fmod-aac-codec\codec_mp4\codec_mp4\x64\release\main.obj
h:\sourcecode\fmod-aac-codec\codec_mp4\x64\release\codec_mp4.dll
h:\sourcecode\fmod-aac-codec\codec_mp4\x64\release\codec_mp4.pdb
h:\sourcecode\fmod-aac-codec\codec_mp4\x64\release\codec_mp4.lib
h:\sourcecode\fmod-aac-codec\codec_mp4\x64\release\codec_mp4.exp
h:\sourcecode\fmod-aac-codec\codec_mp4\codec_mp4\x64\release\codec_mp4.ipdb
h:\sourcecode\fmod-aac-codec\codec_mp4\codec_mp4\x64\release\codec_mp4.iobj
h:\sourcecode\fmod-aac-codec\codec_mp4\codec_mp4\x64\release\codec_mp4.tlog\cl.command.1.tlog
h:\sourcecode\fmod-aac-codec\codec_mp4\codec_mp4\x64\release\codec_mp4.tlog\cl.items.tlog
h:\sourcecode\fmod-aac-codec\codec_mp4\codec_mp4\x64\release\codec_mp4.tlog\cl.read.1.tlog
h:\sourcecode\fmod-aac-codec\codec_mp4\codec_mp4\x64\release\codec_mp4.tlog\cl.write.1.tlog
h:\sourcecode\fmod-aac-codec\codec_mp4\codec_mp4\x64\release\codec_mp4.tlog\link.command.1.tlog
h:\sourcecode\fmod-aac-codec\codec_mp4\codec_mp4\x64\release\codec_mp4.tlog\link.read.1.tlog
h:\sourcecode\fmod-aac-codec\codec_mp4\codec_mp4\x64\release\codec_mp4.tlog\link.secondary.1.tlog
h:\sourcecode\fmod-aac-codec\codec_mp4\codec_mp4\x64\release\codec_mp4.tlog\link.write.1.tlog
